[exurbplan.github.io/Scrap-Archfiend/www.classcentral.com/index.html]
[backblue.gif]
[fade.gif]
[index.html]
[exurbplan.github.io/Scrap-Archfiend/schema.org/WebSite.html]
[exurbplan.github.io/Scrap-Archfiend/ccweb.imgix.net/https_/www.classcentral.com/images/meta/meta-default6dba6dba.png]
[exurbplan.github.io/Scrap-Archfiend/twitter.com/classcentral.html]
[exurbplan.github.io/Scrap-Archfiend/www.linkedin.com/company/classcentral.html]
[exurbplan.github.io/Scrap-Archfiend/github.com/classcentral.html]
[exurbplan.github.io/Scrap-Archfiend/www.classcentral.com/apple-touch-icon.png]
[exurbplan.github.io/Scrap-Archfiend/www.classcentral.com/favicon-32x32.png]
[exurbplan.github.io/Scrap-Archfiend/www.classcentral.com/favicon-16x16.png]
[exurbplan.github.io/Scrap-Archfiend/www.classcentral.com/site.webmanifest]
[exurbplan.github.io/Scrap-Archfiend/www.classcentral.com/safari-pinned-tab.svg]
[exurbplan.github.io/Scrap-Archfiend/www.classcentral.com/opensearch.xml]
[exurbplan.github.io/Scrap-Archfiend/www.classcentral.com/fonts/source-sans-pro-unhinted/source-sans-pro-400-italic-cyrillic-ext.woff2]
[exurbplan.github.io/Scrap-Archfiend/www.classcentral.com/fonts/source-sans-pro-unhinted/source-sans-pro-400-italic-greek-ext.woff2]
[exurbplan.github.io/Scrap-Archfiend/www.classcentral.com/fonts/source-sans-pro-unhinted/source-sans-pro-400-italic-greek.woff2]
[exurbplan.github.io/Scrap-Archfiend/www.classcentral.com/fonts/source-sans-pro-unhinted/source-sans-pro-400-italic-vietnamese.woff2]
[exurbplan.github.io/Scrap-Archfiend/www.classcentral.com/fonts/source-sans-pro-unhinted/source-sans-pro-400-italic-latin-ext.woff2]
[exurbplan.github.io/Scrap-Archfiend/www.classcentral.com/fonts/source-sans-pro-unhinted/source-sans-pro-400-italic-latin.woff2]
[exurbplan.github.io/Scrap-Archfiend/www.classcentral.com/fonts/source-sans-pro-unhinted/source-sans-pro-400-regular-cyrillic-ext.woff2]
[exurbplan.github.io/Scrap-Archfiend/www.classcentral.com/fonts/source-sans-pro-unhinted/source-sans-pro-400-regular-cyrillic.woff2]
[exurbplan.github.io/Scrap-Archfiend/www.classcentral.com/fonts/source-sans-pro-unhinted/source-sans-pro-400-regular-greek-ext.woff2]
[exurbplan.github.io/Scrap-Archfiend/www.classcentral.com/fonts/source-sans-pro-unhinted/source-sans-pro-400-regular-greek.woff2]
[exurbplan.github.io/Scrap-Archfiend/www.classcentral.com/fonts/source-sans-pro-unhinted/source-sans-pro-400-regular-vietnamese.woff2]
[exurbplan.github.io/Scrap-Archfiend/www.classcentral.com/fonts/source-sans-pro-unhinted/source-sans-pro-400-regular-latin-ext.woff2]
[exurbplan.github.io/Scrap-Archfiend/www.classcentral.com/fonts/source-sans-pro-unhinted/source-sans-pro-400-regular-latin.woff2]
[exurbplan.github.io/Scrap-Archfiend/www.classcentral.com/fonts/source-sans-pro-unhinted/source-sans-pro-600-semibold-cyrillic-ext.woff2]
[exurbplan.github.io/Scrap-Archfiend/www.classcentral.com/fonts/source-sans-pro-unhinted/source-sans-pro-600-semibold-cyrillic.woff2]
[exurbplan.github.io/Scrap-Archfiend/www.classcentral.com/fonts/source-sans-pro-unhinted/source-sans-pro-600-semibold-greek-ext.woff2]
[exurbplan.github.io/Scrap-Archfiend/www.classcentral.com/fonts/source-sans-pro-unhinted/source-sans-pro-600-semibold-greek.woff2]
[exurbplan.github.io/Scrap-Archfiend/www.classcentral.com/fonts/source-sans-pro-unhinted/source-sans-pro-600-semibold-vietnamese.woff2]
[exurbplan.github.io/Scrap-Archfiend/www.classcentral.com/fonts/source-sans-pro-unhinted/source-sans-pro-600-semibold-latin-ext.woff2]
[exurbplan.github.io/Scrap-Archfiend/www.classcentral.com/fonts/source-sans-pro-unhinted/source-sans-pro-600-semibold-latin.woff2]
[exurbplan.github.io/Scrap-Archfiend/www.classcentral.com/fonts/source-sans-pro-unhinted/source-sans-pro-700-bold-cyrillic-ext.woff2]
[exurbplan.github.io/Scrap-Archfiend/www.classcentral.com/fonts/source-sans-pro-unhinted/source-sans-pro-700-bold-cyrillic.woff2]
[exurbplan.github.io/Scrap-Archfiend/www.classcentral.com/fonts/source-sans-pro-unhinted/source-sans-pro-700-bold-greek-ext.woff2]
[exurbplan.github.io/Scrap-Archfiend/www.classcentral.com/fonts/source-sans-pro-unhinted/source-sans-pro-700-bold-greek.woff2]
[exurbplan.github.io/Scrap-Archfiend/www.classcentral.com/fonts/source-sans-pro-unhinted/source-sans-pro-700-bold-vietnamese.woff2]
[exurbplan.github.io/Scrap-Archfiend/www.classcentral.com/fonts/source-sans-pro-unhinted/source-sans-pro-700-bold-latin-ext.woff2]
[exurbplan.github.io/Scrap-Archfiend/www.classcentral.com/fonts/source-sans-pro-unhinted/source-sans-pro-700-bold-latin.woff2]
[exurbplan.github.io/Scrap-Archfiend/www.classcentral.com/images/fade-gradient.png]
[exurbplan.github.io/Scrap-Archfiend/www.w3.org/2000/svg.html]
[exurbplan.github.io/Scrap-Archfiend/www.googletagmanager.com/gtag/jsc6b4c6b4]
[exurbplan.github.io/Scrap-Archfiend/www.google-analytics.com/analytics.js]
[exurbplan.github.io/Scrap-Archfiend/www.classcentral.com/rankings.html]
[exurbplan.github.io/Scrap-Archfiend/www.classcentral.com/collections.html]
[exurbplan.github.io/Scrap-Archfiend/www.classcentral.com/subjects.html]
[exurbplan.github.io/Scrap-Archfiend/www.classcentral.com/subject/cs.html]
[exurbplan.github.io/Scrap-Archfiend/www.classcentral.com/subject/health.html]
[exurbplan.github.io/Scrap-Archfiend/www.classcentral.com/subject/maths.html]
[exurbplan.github.io/Scrap-Archfiend/www.classcentral.com/subject/business.html]
[exurbplan.github.io/Scrap-Archfiend/www.classcentral.com/subject/humanities.html]
[exurbplan.github.io/Scrap-Archfiend/www.classcentral.com/subject/engineering.html]
[exurbplan.github.io/Scrap-Archfiend/www.classcentral.com/subject/science.html]
[exurbplan.github.io/Scrap-Archfiend/www.classcentral.com/subject/education.html]
[exurbplan.github.io/Scrap-Archfiend/www.classcentral.com/subject/social-sciences.html]
[exurbplan.github.io/Scrap-Archfiend/www.classcentral.com/subject/art-and-design.html]
[exurbplan.github.io/Scrap-Archfiend/www.classcentral.com/subject/data-science.html]
[exurbplan.github.io/Scrap-Archfiend/www.classcentral.com/subject/programming-and-software-development.html]
[exurbplan.github.io/Scrap-Archfiend/www.classcentral.com/subject/personal-development.html]
[exurbplan.github.io/Scrap-Archfiend/www.classcentral.com/subject/infosec.html]
[exurbplan.github.io/Scrap-Archfiend/www.classcentral.com/universities.html]
[exurbplan.github.io/Scrap-Archfiend/www.classcentral.com/report/index.html]
[exurbplan.github.io/Scrap-Archfiend/www.classcentral.com/collection/top-free-online-courses.html]
[exurbplan.github.io/Scrap-Archfiend/ccweb.imgix.net/https_/www.classcentral.com/images/best-courses/mini-banner-best-of-all-time3e683e68.png]
[exurbplan.github.io/Scrap-Archfiend/ccweb.imgix.net/https_/www.classcentral.com/images/best-courses/mini-banner-best-of-all-timec7acc7ac.png]
[exurbplan.github.io/Scrap-Archfiend/www.classcentral.com/report/most-popular-online-courses/index.html]
[exurbplan.github.io/Scrap-Archfiend/ccweb.imgix.net/https_/www.classcentral.com/images/best-courses/mini-banner-most-popular-of-all-time09310931.png]
[exurbplan.github.io/Scrap-Archfiend/ccweb.imgix.net/https_/www.classcentral.com/images/best-courses/mini-banner-most-popular-of-all-time45d945d9.png]
[exurbplan.github.io/Scrap-Archfiend/www.classcentral.com/report/best-free-online-courses-2022/index.html]
[exurbplan.github.io/Scrap-Archfiend/www.classcentral.com/report/best-free-online-courses-2021/index.html]
[exurbplan.github.io/Scrap-Archfiend/www.classcentral.com/report/most-popular-courses-2022/index.html]
[exurbplan.github.io/Scrap-Archfiend/www.classcentral.com/report/100-most-popular-online-courses-2021/index.html]
[exurbplan.github.io/Scrap-Archfiend/www.classcentral.com/collection/ivy-league-moocs.html]
[exurbplan.github.io/Scrap-Archfiend/ccweb.imgix.net/https_/www.classcentral.com/images/collections/collection-ivy-league-moocs-social5b925b92.jpg]
[exurbplan.github.io/Scrap-Archfiend/ccweb.imgix.net/https_/www.classcentral.com/images/collections/collection-ivy-league-moocs-social1fe91fe9.jpg]
[exurbplan.github.io/Scrap-Archfiend/www.classcentral.com/report/coursera-free-online-courses/index.html]
[exurbplan.github.io/Scrap-Archfiend/ccweb.imgix.net/https_/www.classcentral.com/images/collections/collection-coursera-free-coursesd038d038.png]
[exurbplan.github.io/Scrap-Archfiend/ccweb.imgix.net/https_/www.classcentral.com/images/collections/collection-coursera-free-courses08e808e8.png]
[exurbplan.github.io/Scrap-Archfiend/www.classcentral.com/report/free-certificates/index.html]
[exurbplan.github.io/Scrap-Archfiend/ccweb.imgix.net/https_/www.classcentral.com/images/collections/collection-free-certificates74627462.png]
[exurbplan.github.io/Scrap-Archfiend/ccweb.imgix.net/https_/www.classcentral.com/images/collections/collection-free-certificatesbc95bc95.png]
[exurbplan.github.io/Scrap-Archfiend/www.classcentral.com/report/free-google-certifications/index.html]
[exurbplan.github.io/Scrap-Archfiend/ccweb.imgix.net/https_/www.classcentral.com/images/collections/collection-google-certsa0bea0be.png]
[exurbplan.github.io/Scrap-Archfiend/ccweb.imgix.net/https_/www.classcentral.com/images/collections/collection-google-certsc6f1c6f1.png]
[exurbplan.github.io/Scrap-Archfiend/www.classcentral.com/starting-this-month.html]
[exurbplan.github.io/Scrap-Archfiend/www.classcentral.com/new-online-courses/february-2023.html]
[exurbplan.github.io/Scrap-Archfiend/www.classcentral.com/report/most-popular-march-2023/index.html]
[exurbplan.github.io/Scrap-Archfiend/www.classcentral.com/subject/ai.html]
[exurbplan.github.io/Scrap-Archfiend/www.classcentral.com/subject/algorithms-and-data-structures.html]
[exurbplan.github.io/Scrap-Archfiend/www.classcentral.com/subject/internet-of-things.html]
[exurbplan.github.io/Scrap-Archfiend/www.classcentral.com/subject/information-technology.html]
[exurbplan.github.io/Scrap-Archfiend/www.classcentral.com/subject/computer-networking.html]
[exurbplan.github.io/Scrap-Archfiend/www.classcentral.com/subject/machine-learning.html]
[exurbplan.github.io/Scrap-Archfiend/www.classcentral.com/subject/devops.html]
[exurbplan.github.io/Scrap-Archfiend/www.classcentral.com/subject/deep-learning.html]
[exurbplan.github.io/Scrap-Archfiend/www.classcentral.com/subject/cryptography.html]
[exurbplan.github.io/Scrap-Archfiend/www.classcentral.com/subject/quantum-computing.html]
[exurbplan.github.io/Scrap-Archfiend/www.classcentral.com/subject/hci.html]
[exurbplan.github.io/Scrap-Archfiend/www.classcentral.com/subject/distributed-systems.html]
[exurbplan.github.io/Scrap-Archfiend/www.classcentral.com/subject/blockchain.html]
[exurbplan.github.io/Scrap-Archfiend/www.classcentral.com/subject/operating-systems.html]
[exurbplan.github.io/Scrap-Archfiend/www.classcentral.com/subject/computer-graphics.html]
[exurbplan.github.io/Scrap-Archfiend/www.classcentral.com/subject/nutrition-and-wellness.html]
[exurbplan.github.io/Scrap-Archfiend/www.classcentral.com/subject/disease-and-disorders.html]
[exurbplan.github.io/Scrap-Archfiend/www.classcentral.com/subject/public-health.html]
[exurbplan.github.io/Scrap-Archfiend/www.classcentral.com/subject/health-care.html]
[exurbplan.github.io/Scrap-Archfiend/www.classcentral.com/subject/nursing.html]
[exurbplan.github.io/Scrap-Archfiend/www.classcentral.com/subject/anatomy.html]
[exurbplan.github.io/Scrap-Archfiend/www.classcentral.com/subject/veterinary-science.html]
[exurbplan.github.io/Scrap-Archfiend/www.classcentral.com/subject/cme.html]
[exurbplan.github.io/Scrap-Archfiend/www.classcentral.com/subject/statistics.html]
[exurbplan.github.io/Scrap-Archfiend/www.classcentral.com/subject/foundations-of-mathematics.html]
[exurbplan.github.io/Scrap-Archfiend/www.classcentral.com/subject/calculus.html]
[exurbplan.github.io/Scrap-Archfiend/www.classcentral.com/subject/discrete-mathematics.html]
[exurbplan.github.io/Scrap-Archfiend/www.classcentral.com/subject/trigonometry.html]
[exurbplan.github.io/Scrap-Archfiend/www.classcentral.com/subject/geometry.html]
[exurbplan.github.io/Scrap-Archfiend/www.classcentral.com/subject/algebra.html]
[exurbplan.github.io/Scrap-Archfiend/www.classcentral.com/subject/precalculus.html]
[exurbplan.github.io/Scrap-Archfiend/www.classcentral.com/subject/number-theory.html]
[exurbplan.github.io/Scrap-Archfiend/www.classcentral.com/subject/combinatorics.html]
[exurbplan.github.io/Scrap-Archfiend/www.classcentral.com/subject/mathematical-logic.html]
[exurbplan.github.io/Scrap-Archfiend/www.classcentral.com/subject/linear-programming.html]
[exurbplan.github.io/Scrap-Archfiend/www.classcentral.com/subject/management-and-leadership.html]
[exurbplan.github.io/Scrap-Archfiend/www.classcentral.com/subject/finance.html]
[exurbplan.github.io/Scrap-Archfiend/www.classcentral.com/subject/entrepreneurship.html]
[exurbplan.github.io/Scrap-Archfiend/www.classcentral.com/subject/marketing.html]
[exurbplan.github.io/Scrap-Archfiend/www.classcentral.com/subject/strategic-management.html]
[exurbplan.github.io/Scrap-Archfiend/www.classcentral.com/subject/industry-specific.html]
[exurbplan.github.io/Scrap-Archfiend/www.classcentral.com/subject/business-intelligence.html]
[exurbplan.github.io/Scrap-Archfiend/www.classcentral.com/subject/accounting.html]
[exurbplan.github.io/Scrap-Archfiend/www.classcentral.com/subject/human-resources.html]
[exurbplan.github.io/Scrap-Archfiend/www.classcentral.com/subject/project-management.html]
[exurbplan.github.io/Scrap-Archfiend/www.classcentral.com/subject/sales.html]
[exurbplan.github.io/Scrap-Archfiend/www.classcentral.com/subject/design-thinking.html]
[exurbplan.github.io/Scrap-Archfiend/www.classcentral.com/subject/business-software.html]
[exurbplan.github.io/Scrap-Archfiend/www.classcentral.com/subject/risk-management.html]
[exurbplan.github.io/Scrap-Archfiend/www.classcentral.com/subject/csr.html]
[exurbplan.github.io/Scrap-Archfiend/www.classcentral.com/subject/customer-service.html]
[exurbplan.github.io/Scrap-Archfiend/www.classcentral.com/subject/nonprofit.html]
[exurbplan.github.io/Scrap-Archfiend/www.classcentral.com/subject/innovation.html]
[exurbplan.github.io/Scrap-Archfiend/www.classcentral.com/subject/operations-management.html]
[exurbplan.github.io/Scrap-Archfiend/www.classcentral.com/subject/history.html]
[exurbplan.github.io/Scrap-Archfiend/www.classcentral.com/subject/literature.html]
[exurbplan.github.io/Scrap-Archfiend/www.classcentral.com/subject/language-learning.html]
[exurbplan.github.io/Scrap-Archfiend/www.classcentral.com/subject/grammar-writing.html]
[exurbplan.github.io/Scrap-Archfiend/www.classcentral.com/subject/philosophy.html]
[exurbplan.github.io/Scrap-Archfiend/www.classcentral.com/subject/religion.html]
[exurbplan.github.io/Scrap-Archfiend/www.classcentral.com/subject/esl.html]
[exurbplan.github.io/Scrap-Archfiend/www.classcentral.com/subject/culture.html]
[exurbplan.github.io/Scrap-Archfiend/www.classcentral.com/subject/sports.html]
[exurbplan.github.io/Scrap-Archfiend/www.classcentral.com/subject/journalism.html]
[exurbplan.github.io/Scrap-Archfiend/www.classcentral.com/subject/ethics.html]
[exurbplan.github.io/Scrap-Archfiend/www.classcentral.com/subject/linguistics.html]
[exurbplan.github.io/Scrap-Archfiend/www.classcentral.com/subject/food.html]
[exurbplan.github.io/Scrap-Archfiend/www.classcentral.com/subject/library-science.html]
[exurbplan.github.io/Scrap-Archfiend/www.classcentral.com/subject/reading.html]
[exurbplan.github.io/Scrap-Archfiend/www.classcentral.com/subject/crisis-management.html]
[exurbplan.github.io/Scrap-Archfiend/www.classcentral.com/subject/electrical-engineering.html]
[exurbplan.github.io/Scrap-Archfiend/www.classcentral.com/subject/mechanical-engineering.html]
[exurbplan.github.io/Scrap-Archfiend/www.classcentral.com/subject/civil-engineering.html]
[exurbplan.github.io/Scrap-Archfiend/www.classcentral.com/subject/robotics.html]
[exurbplan.github.io/Scrap-Archfiend/www.classcentral.com/subject/nanotechnology.html]
[exurbplan.github.io/Scrap-Archfiend/www.classcentral.com/subject/gis.html]
[exurbplan.github.io/Scrap-Archfiend/www.classcentral.com/subject/textiles.html]
[exurbplan.github.io/Scrap-Archfiend/www.classcentral.com/subject/manufacturing.html]
[exurbplan.github.io/Scrap-Archfiend/www.classcentral.com/subject/bim.html]
[exurbplan.github.io/Scrap-Archfiend/www.classcentral.com/subject/cad.html]
[exurbplan.github.io/Scrap-Archfiend/www.classcentral.com/subject/chemical-engineering.html]
[exurbplan.github.io/Scrap-Archfiend/www.classcentral.com/subject/energy-systems.html]
[exurbplan.github.io/Scrap-Archfiend/www.classcentral.com/subject/aerospace-engineering.html]
[exurbplan.github.io/Scrap-Archfiend/www.classcentral.com/subject/chemistry.html]
[exurbplan.github.io/Scrap-Archfiend/www.classcentral.com/subject/physics.html]
[exurbplan.github.io/Scrap-Archfiend/www.classcentral.com/subject/environmental-science.html]
[exurbplan.github.io/Scrap-Archfiend/www.classcentral.com/subject/astronomy.html]
[exurbplan.github.io/Scrap-Archfiend/www.classcentral.com/subject/biology.html]
[exurbplan.github.io/Scrap-Archfiend/www.classcentral.com/subject/agriculture.html]
[exurbplan.github.io/Scrap-Archfiend/www.classcentral.com/subject/materials-science.html]
[exurbplan.github.io/Scrap-Archfiend/www.classcentral.com/subject/earth-science.html]
[exurbplan.github.io/Scrap-Archfiend/www.classcentral.com/subject/applied-science.html]
[exurbplan.github.io/Scrap-Archfiend/www.classcentral.com/subject/forensic-science.html]
[exurbplan.github.io/Scrap-Archfiend/www.classcentral.com/subject/k12.html]
[exurbplan.github.io/Scrap-Archfiend/www.classcentral.com/subject/higher-education.html]
[exurbplan.github.io/Scrap-Archfiend/www.classcentral.com/subject/stem.html]
[exurbplan.github.io/Scrap-Archfiend/www.classcentral.com/subject/teacher-development.html]
[exurbplan.github.io/Scrap-Archfiend/www.classcentral.com/subject/course-development.html]
[exurbplan.github.io/Scrap-Archfiend/www.classcentral.com/subject/online-education.html]
[exurbplan.github.io/Scrap-Archfiend/www.classcentral.com/subject/test-prep.html]
[exurbplan.github.io/Scrap-Archfiend/www.classcentral.com/subject/pedagogy.html]
[exurbplan.github.io/Scrap-Archfiend/www.classcentral.com/subject/sociology.html]
[exurbplan.github.io/Scrap-Archfiend/www.classcentral.com/subject/economics.html]
[exurbplan.github.io/Scrap-Archfiend/www.classcentral.com/subject/psychology.html]
[exurbplan.github.io/Scrap-Archfiend/www.classcentral.com/subject/anthropology.html]
[exurbplan.github.io/Scrap-Archfiend/www.classcentral.com/subject/political-science.html]
[exurbplan.github.io/Scrap-Archfiend/www.classcentral.com/subject/law.html]
[exurbplan.github.io/Scrap-Archfiend/www.classcentral.com/subject/urban-planning.html]
[exurbplan.github.io/Scrap-Archfiend/www.classcentral.com/subject/human-rights.html]
[exurbplan.github.io/Scrap-Archfiend/www.classcentral.com/subject/sustainability.html]
[exurbplan.github.io/Scrap-Archfiend/www.classcentral.com/subject/governance.html]
[exurbplan.github.io/Scrap-Archfiend/www.classcentral.com/subject/archaeology.html]
[exurbplan.github.io/Scrap-Archfiend/www.classcentral.com/subject/social-work.html]
[exurbplan.github.io/Scrap-Archfiend/www.classcentral.com/subject/childhood-development.html]
[exurbplan.github.io/Scrap-Archfiend/www.classcentral.com/subject/music.html]
[exurbplan.github.io/Scrap-Archfiend/www.classcentral.com/subject/digital-media.html]
[exurbplan.github.io/Scrap-Archfiend/www.classcentral.com/subject/visual-arts.html]
[exurbplan.github.io/Scrap-Archfiend/www.classcentral.com/subject/design-and-creativity.html]
[exurbplan.github.io/Scrap-Archfiend/www.classcentral.com/subject/bioinformatics.html]
[exurbplan.github.io/Scrap-Archfiend/www.classcentral.com/subject/big-data.html]
[exurbplan.github.io/Scrap-Archfiend/www.classcentral.com/subject/data-mining.html]
[exurbplan.github.io/Scrap-Archfiend/www.classcentral.com/subject/data-analysis.html]
[exurbplan.github.io/Scrap-Archfiend/www.classcentral.com/subject/data-visualization.html]
[exurbplan.github.io/Scrap-Archfiend/www.classcentral.com/subject/jupyter.html]
[exurbplan.github.io/Scrap-Archfiend/www.classcentral.com/subject/mobile-development.html]
[exurbplan.github.io/Scrap-Archfiend/www.classcentral.com/subject/web-development.html]
[exurbplan.github.io/Scrap-Archfiend/www.classcentral.com/subject/databases.html]
[exurbplan.github.io/Scrap-Archfiend/www.classcentral.com/subject/game-development.html]
[exurbplan.github.io/Scrap-Archfiend/www.classcentral.com/subject/programming-languages.html]
[exurbplan.github.io/Scrap-Archfiend/www.classcentral.com/subject/software-development.html]
[exurbplan.github.io/Scrap-Archfiend/www.classcentral.com/subject/cloud-computing.html]
[exurbplan.github.io/Scrap-Archfiend/www.classcentral.com/subject/communication-skills.html]
[exurbplan.github.io/Scrap-Archfiend/www.classcentral.com/subject/career-development.html]
[exurbplan.github.io/Scrap-Archfiend/www.classcentral.com/subject/self-improvement.html]
[exurbplan.github.io/Scrap-Archfiend/www.classcentral.com/subject/presentation-skills.html]
[exurbplan.github.io/Scrap-Archfiend/www.classcentral.com/subject/resilience.html]
[exurbplan.github.io/Scrap-Archfiend/www.classcentral.com/subject/cybersecurity.html]
[exurbplan.github.io/Scrap-Archfiend/www.classcentral.com/subject/network-security.html]
[exurbplan.github.io/Scrap-Archfiend/www.classcentral.com/subject/ethical-hacking.html]
[exurbplan.github.io/Scrap-Archfiend/www.classcentral.com/subject/digital-forensics.html]
[exurbplan.github.io/Scrap-Archfiend/www.classcentral.com/subject/reverse-engineering.html]
[exurbplan.github.io/Scrap-Archfiend/www.classcentral.com/subject/pentesting.html]
[exurbplan.github.io/Scrap-Archfiend/www.classcentral.com/subject/malware-analysis.html]
[exurbplan.github.io/Scrap-Archfiend/www.classcentral.com/subject/devsecops.html]
[exurbplan.github.io/Scrap-Archfiend/www.classcentral.com/subject/osint.html]
[exurbplan.github.io/Scrap-Archfiend/www.classcentral.com/subject/threat-intelligence.html]
[exurbplan.github.io/Scrap-Archfiend/www.classcentral.com/subject/infosec-certifications.html]
[exurbplan.github.io/Scrap-Archfiend/www.classcentral.com/subject/red-team.html]
[exurbplan.github.io/Scrap-Archfiend/www.classcentral.com/subject/blue-team.html]
[exurbplan.github.io/Scrap-Archfiend/www.classcentral.com/report/2022-year-in-review/index.html]
[exurbplan.github.io/Scrap-Archfiend/ccweb.imgix.net/https_/www.classcentral.com/report/wp-content/uploads/2023/01/2022-year-in-review-bannera34aa34a.png]
[exurbplan.github.io/Scrap-Archfiend/www.classcentral.com/report/author/dhawal/index.html]
[exurbplan.github.io/Scrap-Archfiend/www.classcentral.com/report/review-academic-writing-made-easy/index.html]
[exurbplan.github.io/Scrap-Archfiend/www.classcentral.com/report/review-china-economic-transformation/index.html]
[exurbplan.github.io/Scrap-Archfiend/www.classcentral.com/report/most-cited-mooc-research/index.html]
[exurbplan.github.io/Scrap-Archfiend/www.classcentral.com/report/best-digital-art-courses/index.html]
[exurbplan.github.io/Scrap-Archfiend/www.classcentral.com/report/emoocs-2023-cfp/index.html]
[exurbplan.github.io/Scrap-Archfiend/ccweb.imgix.net/https_/www.classcentral.com/images/lists/list-empty64076407.png]
[exurbplan.github.io/Scrap-Archfiend/www.classcentral.com/lists.html]
[exurbplan.github.io/Scrap-Archfiend/www.classcentral.com/signup.html]
[exurbplan.github.io/Scrap-Archfiend/www.classcentral.com/login.html]
[exurbplan.github.io/Scrap-Archfiend/ccweb.imgix.net/https_/www.classcentral.com/images/illustrations/learning-illustration-black-history-month-01b6a2b6a2.png]
[exurbplan.github.io/Scrap-Archfiend/www.classcentral.com/subject/it-certifications.html]
[exurbplan.github.io/Scrap-Archfiend/www.classcentral.com/course/edx-herramientas-de-la-inteligencia-de-negocios-10281.html]
[exurbplan.github.io/Scrap-Archfiend/www.classcentral.com/course/whartonmarketing-1137.html]
[exurbplan.github.io/Scrap-Archfiend/www.classcentral.com/course/whartonaccounting-769.html]
[exurbplan.github.io/Scrap-Archfiend/www.classcentral.com/help/moocs.html]
[exurbplan.github.io/Scrap-Archfiend/ccweb.imgix.net/https_/www.classcentral.com/images/icon-free-certificates11741174.png]
[exurbplan.github.io/Scrap-Archfiend/ccweb.imgix.net/https_/www.classcentral.com/images/icon-ivy-league64386438.png]
[exurbplan.github.io/Scrap-Archfiend/www.classcentral.com/university/stanford.html]
[exurbplan.github.io/Scrap-Archfiend/ccweb.imgix.net/https_/www.classcentral.com/images/logos/institutions/stanford-trn-sq17f617f6.png]
[exurbplan.github.io/Scrap-Archfiend/ccweb.imgix.net/https_/www.classcentral.com/images/icon-best-all-time6b4b6b4b.png]
[exurbplan.github.io/Scrap-Archfiend/ccweb.imgix.net/https_/www.classcentral.com/images/icon-csaed6aed6.png]
[exurbplan.github.io/Scrap-Archfiend/www.classcentral.com/collection/sustainability-online-courses.html]
[exurbplan.github.io/Scrap-Archfiend/ccweb.imgix.net/https_/www.classcentral.com/images/icon-sustainability9a1a9a1a.png]
[exurbplan.github.io/Scrap-Archfiend/www.classcentral.com/university/mit.html]
[exurbplan.github.io/Scrap-Archfiend/ccweb.imgix.net/https_/www.classcentral.com/images/logos/institutions/mit-trn-sqf645f645.png]
[exurbplan.github.io/Scrap-Archfiend/www.classcentral.com/institution/google.html]
[exurbplan.github.io/Scrap-Archfiend/ccweb.imgix.net/https_/www.classcentral.com/images/logos/institutions/google-trn-sqffa8ffa8.png]
[exurbplan.github.io/Scrap-Archfiend/www.classcentral.com/institution/amazon.html]
[exurbplan.github.io/Scrap-Archfiend/ccweb.imgix.net/https_/www.classcentral.com/images/logos/institutions/amazon-trn-sqc0bbc0bb.png]
[exurbplan.github.io/Scrap-Archfiend/ccweb.imgix.net/https_/www.classcentral.com/images/icon-business39ff39ff.png]
[exurbplan.github.io/Scrap-Archfiend/www.classcentral.com/report/category/best-courses/index.html]
[exurbplan.github.io/Scrap-Archfiend/www.classcentral.com/report/online-learning-deals/index.html]
[exurbplan.github.io/Scrap-Archfiend/ccweb.imgix.net/https_/www.classcentral.com/images/promobar/deale4cae4ca.svg]
[exurbplan.github.io/Scrap-Archfiend/ccweb.imgix.net/https_/www.classcentral.com/images/illustrations/homepage-discover-0149dd49dd.png]
[exurbplan.github.io/Scrap-Archfiend/www.classcentral.com/university/harvard.html]
[exurbplan.github.io/Scrap-Archfiend/ccweb.imgix.net/https_/www.classcentral.com/images/logos/homepage/harvard24a924a9.png]
[exurbplan.github.io/Scrap-Archfiend/ccweb.imgix.net/https_/www.classcentral.com/images/logos/homepage/harvard12fb12fb.png]
[exurbplan.github.io/Scrap-Archfiend/ccweb.imgix.net/https_/www.classcentral.com/images/logos/homepage/stanford58135813.png]
[exurbplan.github.io/Scrap-Archfiend/ccweb.imgix.net/https_/www.classcentral.com/images/logos/homepage/stanford692f692f.png]
[exurbplan.github.io/Scrap-Archfiend/www.classcentral.com/university/iit-kharagpur.html]
[exurbplan.github.io/Scrap-Archfiend/ccweb.imgix.net/https_/www.classcentral.com/images/logos/homepage/iit-kharagpurbad5bad5.png]
[exurbplan.github.io/Scrap-Archfiend/ccweb.imgix.net/https_/www.classcentral.com/images/logos/homepage/iit-kharagpur3e7e3e7e.png]
[exurbplan.github.io/Scrap-Archfiend/ccweb.imgix.net/https_/www.classcentral.com/images/logos/homepage/mit71797179.png]
[exurbplan.github.io/Scrap-Archfiend/ccweb.imgix.net/https_/www.classcentral.com/images/logos/homepage/mit68036803.png]
[exurbplan.github.io/Scrap-Archfiend/ccweb.imgix.net/https_/www.classcentral.com/images/logos/homepage/ricec4e3c4e3.png]
[exurbplan.github.io/Scrap-Archfiend/www.classcentral.com/university/rice.html]
[exurbplan.github.io/Scrap-Archfiend/ccweb.imgix.net/https_/www.classcentral.com/images/logos/homepage/ricecc22cc22.png]
[exurbplan.github.io/Scrap-Archfiend/www.classcentral.com/university/iitm.html]
[exurbplan.github.io/Scrap-Archfiend/ccweb.imgix.net/https_/www.classcentral.com/images/logos/homepage/iitm52045204.png]
[exurbplan.github.io/Scrap-Archfiend/ccweb.imgix.net/https_/www.classcentral.com/images/logos/homepage/iitm32803280.png]
[exurbplan.github.io/Scrap-Archfiend/www.classcentral.com/university/columbia.html]
[exurbplan.github.io/Scrap-Archfiend/ccweb.imgix.net/https_/www.classcentral.com/images/logos/homepage/columbia9b1a9b1a.png]
[exurbplan.github.io/Scrap-Archfiend/ccweb.imgix.net/https_/www.classcentral.com/images/logos/homepage/columbia37553755.png]
[exurbplan.github.io/Scrap-Archfiend/www.classcentral.com/university/cornell.html]
[exurbplan.github.io/Scrap-Archfiend/ccweb.imgix.net/https_/www.classcentral.com/images/logos/homepage/cornella27fa27f.png]
[exurbplan.github.io/Scrap-Archfiend/ccweb.imgix.net/https_/www.classcentral.com/images/logos/homepage/cornell9c0f9c0f.png]
[exurbplan.github.io/Scrap-Archfiend/www.classcentral.com/university/edinburgh.html]
[exurbplan.github.io/Scrap-Archfiend/ccweb.imgix.net/https_/www.classcentral.com/images/logos/homepage/edinburgh47df47df.png]
[exurbplan.github.io/Scrap-Archfiend/ccweb.imgix.net/https_/www.classcentral.com/images/logos/homepage/edinburgh32163216.png]
[exurbplan.github.io/Scrap-Archfiend/www.classcentral.com/university/purdue.html]
[exurbplan.github.io/Scrap-Archfiend/ccweb.imgix.net/https_/www.classcentral.com/images/logos/homepage/purdue21f621f6.png]
[exurbplan.github.io/Scrap-Archfiend/ccweb.imgix.net/https_/www.classcentral.com/images/logos/homepage/purdue39cf39cf.png]
[exurbplan.github.io/Scrap-Archfiend/www.classcentral.com/university/penn.html]
[exurbplan.github.io/Scrap-Archfiend/ccweb.imgix.net/https_/www.classcentral.com/images/logos/homepage/pennab51ab51.png]
[exurbplan.github.io/Scrap-Archfiend/ccweb.imgix.net/https_/www.classcentral.com/images/logos/homepage/penn0cdc0cdc.png]
[exurbplan.github.io/Scrap-Archfiend/www.classcentral.com/university/duke.html]
[exurbplan.github.io/Scrap-Archfiend/ccweb.imgix.net/https_/www.classcentral.com/images/logos/homepage/dukedf08df08.png]
[exurbplan.github.io/Scrap-Archfiend/ccweb.imgix.net/https_/www.classcentral.com/images/logos/homepage/dukebf93bf93.png]
[exurbplan.github.io/Scrap-Archfiend/www.classcentral.com/university/umich.html]
[exurbplan.github.io/Scrap-Archfiend/ccweb.imgix.net/https_/www.classcentral.com/images/logos/homepage/umichb05ab05a.png]
[exurbplan.github.io/Scrap-Archfiend/ccweb.imgix.net/https_/www.classcentral.com/images/logos/homepage/umich1bfb1bfb.png]
[exurbplan.github.io/Scrap-Archfiend/www.classcentral.com/provider/coursera.html]
[exurbplan.github.io/Scrap-Archfiend/ccweb.imgix.net/https_/www.classcentral.com/images/logos/providers/coursera-trn-sqc43dc43d.png]
[exurbplan.github.io/Scrap-Archfiend/ccweb.imgix.net/https_/www.classcentral.com/images/logos/providers/coursera-trn-sqf873f873.png]
[exurbplan.github.io/Scrap-Archfiend/www.classcentral.com/provider/edx.html]
[exurbplan.github.io/Scrap-Archfiend/ccweb.imgix.net/https_/www.classcentral.com/images/logos/providers/edx-trn-sq7d7a7d7a.png]
[exurbplan.github.io/Scrap-Archfiend/ccweb.imgix.net/https_/www.classcentral.com/images/logos/providers/edx-trn-sqe227e227.png]
[exurbplan.github.io/Scrap-Archfiend/www.classcentral.com/provider/futurelearn.html]
[exurbplan.github.io/Scrap-Archfiend/ccweb.imgix.net/https_/www.classcentral.com/images/logos/providers/futurelearn-trn-sq19701970.png]
[exurbplan.github.io/Scrap-Archfiend/ccweb.imgix.net/https_/www.classcentral.com/images/logos/providers/futurelearn-trn-sqc75ec75e.png]
[exurbplan.github.io/Scrap-Archfiend/www.classcentral.com/provider/udemy.html]
[exurbplan.github.io/Scrap-Archfiend/ccweb.imgix.net/https_/www.classcentral.com/images/logos/providers/udemy-trn-sqd9e7d9e7.png]
[exurbplan.github.io/Scrap-Archfiend/ccweb.imgix.net/https_/www.classcentral.com/images/logos/providers/udemy-trn-sq6b366b36.png]
[exurbplan.github.io/Scrap-Archfiend/www.classcentral.com/provider/swayam.html]
[exurbplan.github.io/Scrap-Archfiend/ccweb.imgix.net/https_/www.classcentral.com/images/logos/providers/swayam-trn-sqb82eb82e.png]
[exurbplan.github.io/Scrap-Archfiend/ccweb.imgix.net/https_/www.classcentral.com/images/logos/providers/swayam-trn-sq20ea20ea.png]
[exurbplan.github.io/Scrap-Archfiend/www.classcentral.com/provider/linkedin-learning.html]
[exurbplan.github.io/Scrap-Archfiend/ccweb.imgix.net/https_/www.classcentral.com/images/logos/providers/linkedin-learning-trn-sq65106510.png]
[exurbplan.github.io/Scrap-Archfiend/ccweb.imgix.net/https_/www.classcentral.com/images/logos/providers/linkedin-learning-trn-sq8c398c39.png]
[exurbplan.github.io/Scrap-Archfiend/www.classcentral.com/provider/skillshare.html]
[exurbplan.github.io/Scrap-Archfiend/ccweb.imgix.net/https_/www.classcentral.com/images/logos/providers/skillshare-trn-sqad55ad55.png]
[exurbplan.github.io/Scrap-Archfiend/ccweb.imgix.net/https_/www.classcentral.com/images/logos/providers/skillshare-trn-sq96459645.png]
[exurbplan.github.io/Scrap-Archfiend/www.classcentral.com/providers.html]
[exurbplan.github.io/Scrap-Archfiend/ccweb.imgix.net/https_/www.classcentral.com/images/logos/homepage/google26e526e5.png]
[exurbplan.github.io/Scrap-Archfiend/ccweb.imgix.net/https_/www.classcentral.com/images/logos/homepage/googlec927c927.png]
[exurbplan.github.io/Scrap-Archfiend/ccweb.imgix.net/https_/www.classcentral.com/images/logos/homepage/amazon11a811a8.png]
[exurbplan.github.io/Scrap-Archfiend/ccweb.imgix.net/https_/www.classcentral.com/images/logos/homepage/amazonbfc4bfc4.png]
[exurbplan.github.io/Scrap-Archfiend/www.classcentral.com/institution/microsoft.html]
[exurbplan.github.io/Scrap-Archfiend/ccweb.imgix.net/https_/www.classcentral.com/images/logos/homepage/microsoftca5aca5a.png]
[exurbplan.github.io/Scrap-Archfiend/ccweb.imgix.net/https_/www.classcentral.com/images/logos/homepage/microsofte4dfe4df.png]
[exurbplan.github.io/Scrap-Archfiend/www.classcentral.com/institution/ibm.html]
[exurbplan.github.io/Scrap-Archfiend/ccweb.imgix.net/https_/www.classcentral.com/images/logos/homepage/ibm76397639.png]
[exurbplan.github.io/Scrap-Archfiend/ccweb.imgix.net/https_/www.classcentral.com/images/logos/homepage/ibmb3ffb3ff.png]
[exurbplan.github.io/Scrap-Archfiend/www.classcentral.com/institution/smithsonian.html]
[exurbplan.github.io/Scrap-Archfiend/ccweb.imgix.net/https_/www.classcentral.com/images/logos/homepage/smithsonian0cee0cee.png]
[exurbplan.github.io/Scrap-Archfiend/ccweb.imgix.net/https_/www.classcentral.com/images/logos/homepage/smithsonian86618661.png]
[exurbplan.github.io/Scrap-Archfiend/www.classcentral.com/institution/united-nations.html]
[exurbplan.github.io/Scrap-Archfiend/ccweb.imgix.net/https_/www.classcentral.com/images/logos/homepage/united-nationsaaacaaac.png]
[exurbplan.github.io/Scrap-Archfiend/ccweb.imgix.net/https_/www.classcentral.com/images/logos/homepage/united-nationsa2cda2cd.png]
[exurbplan.github.io/Scrap-Archfiend/www.classcentral.com/institution/british-council.html]
[exurbplan.github.io/Scrap-Archfiend/ccweb.imgix.net/https_/www.classcentral.com/images/logos/homepage/british-councilbe04be04.png]
[exurbplan.github.io/Scrap-Archfiend/ccweb.imgix.net/https_/www.classcentral.com/images/logos/homepage/british-council91659165.png]
[exurbplan.github.io/Scrap-Archfiend/www.classcentral.com/institutions.html]
[exurbplan.github.io/Scrap-Archfiend/ccweb.imgix.net/https_/www.classcentral.com/images/best-courses/mini-banner-best-of-all-time992b992b.png]
[exurbplan.github.io/Scrap-Archfiend/ccweb.imgix.net/https_/www.classcentral.com/images/best-courses/mini-banner-best-of-all-time5fef5fef.png]
[exurbplan.github.io/Scrap-Archfiend/ccweb.imgix.net/https_/www.classcentral.com/images/best-courses/mini-banner-best-of-2022a427a427.png]
[exurbplan.github.io/Scrap-Archfiend/ccweb.imgix.net/https_/www.classcentral.com/images/best-courses/mini-banner-best-of-20226fc46fc4.png]
[exurbplan.github.io/Scrap-Archfiend/www.classcentral.com/report/feed/index.html]
[exurbplan.github.io/Scrap-Archfiend/ccweb.imgix.net/https_/www.classcentral.com/report/wp-content/uploads/2020/08/patrick-robert-doyle-OvXht_wi5Ew-unsplash424b424b.jpg]
[exurbplan.github.io/Scrap-Archfiend/ccweb.imgix.net/https_/www.classcentral.com/report/wp-content/uploads/2020/08/patrick-robert-doyle-OvXht_wi5Ew-unsplashae82ae82.jpg]
[exurbplan.github.io/Scrap-Archfiend/www.classcentral.com/report/author/heba/index.html]
[exurbplan.github.io/Scrap-Archfiend/www.classcentral.com/report/author/manoel/index.html]
[exurbplan.github.io/Scrap-Archfiend/www.classcentral.com/report/coursera-google-new-deal/index.html]
[exurbplan.github.io/Scrap-Archfiend/www.classcentral.com/report/udemy-layoffs/index.html]
[exurbplan.github.io/Scrap-Archfiend/www.classcentral.com/report/harvard-cs50-guide/index.html]
[exurbplan.github.io/Scrap-Archfiend/www.classcentral.com/report/chinese-mooc-platforms/index.html]
[exurbplan.github.io/Scrap-Archfiend/www.classcentral.com/report/author/ruima/index.html]
[exurbplan.github.io/Scrap-Archfiend/www.classcentral.com/report/futurelearn-expands-paywall/index.html]
[exurbplan.github.io/Scrap-Archfiend/www.classcentral.com/report/author/pat-bowden/index.html]
[exurbplan.github.io/Scrap-Archfiend/www.classcentral.com/report/udemy-by-the-numbers/index.html]
[exurbplan.github.io/Scrap-Archfiend/ccweb.imgix.net/https_/www.classcentral.com/report/wp-content/uploads/2023/02/Digital-Art-BCG-Bannerdad3dad3.png]
[exurbplan.github.io/Scrap-Archfiend/ccweb.imgix.net/https_/www.classcentral.com/report/wp-content/uploads/2023/02/Digital-Art-BCG-Bannere69ee69e.png]
[exurbplan.github.io/Scrap-Archfiend/www.classcentral.com/report/best-elm-courses/index.html]
[exurbplan.github.io/Scrap-Archfiend/ccweb.imgix.net/https_/www.classcentral.com/report/wp-content/uploads/2023/02/Elm-BCG-Banner67b167b1.png]
[exurbplan.github.io/Scrap-Archfiend/ccweb.imgix.net/https_/www.classcentral.com/report/wp-content/uploads/2023/02/Elm-BCG-Banner73747374.png]
[exurbplan.github.io/Scrap-Archfiend/www.classcentral.com/report/best-resume-writing-courses/index.html]
[exurbplan.github.io/Scrap-Archfiend/ccweb.imgix.net/https_/www.classcentral.com/report/wp-content/uploads/2023/02/Resume-Writing-BCG-Banner68026802.png]
[exurbplan.github.io/Scrap-Archfiend/ccweb.imgix.net/https_/www.classcentral.com/report/wp-content/uploads/2023/02/Resume-Writing-BCG-Bannera1cea1ce.png]
[exurbplan.github.io/Scrap-Archfiend/www.classcentral.com/report/best-ocaml-courses/index.html]
[exurbplan.github.io/Scrap-Archfiend/ccweb.imgix.net/https_/www.classcentral.com/report/wp-content/uploads/2023/02/OCaml-BCG-Bannerefdeefde.png]
[exurbplan.github.io/Scrap-Archfiend/ccweb.imgix.net/https_/www.classcentral.com/report/wp-content/uploads/2023/02/OCaml-BCG-Banner74c274c2.png]
[exurbplan.github.io/Scrap-Archfiend/www.classcentral.com/report/best-davinci-resolve-courses/index.html]
[exurbplan.github.io/Scrap-Archfiend/ccweb.imgix.net/https_/www.classcentral.com/report/wp-content/uploads/2023/02/DaVinci-Resolve-BCG-Bannerb69fb69f.png]
[exurbplan.github.io/Scrap-Archfiend/ccweb.imgix.net/https_/www.classcentral.com/report/wp-content/uploads/2023/02/DaVinci-Resolve-BCG-Bannera890a890.png]
[exurbplan.github.io/Scrap-Archfiend/www.classcentral.com/report/udemy-top-courses/index.html]
[exurbplan.github.io/Scrap-Archfiend/ccweb.imgix.net/https_/www.classcentral.com/images/collections/collections-udemy-top-coursesa8d4a8d4.png]
[exurbplan.github.io/Scrap-Archfiend/ccweb.imgix.net/https_/www.classcentral.com/images/collections/collections-udemy-top-coursesb42db42d.png]
[exurbplan.github.io/Scrap-Archfiend/www.classcentral.com/report/india-online-degrees/index.html]
[exurbplan.github.io/Scrap-Archfiend/ccweb.imgix.net/https_/www.classcentral.com/images/collections/collection-india-ugc-approved-online-degrees72387238.png]
[exurbplan.github.io/Scrap-Archfiend/ccweb.imgix.net/https_/www.classcentral.com/images/collections/collection-india-ugc-approved-online-degrees058b058b.png]
[exurbplan.github.io/Scrap-Archfiend/www.classcentral.com/report/mooc-based-masters-degree/index.html]
[exurbplan.github.io/Scrap-Archfiend/ccweb.imgix.net/https_/www.classcentral.com/images/collections/collection-earn-a-masters-degree-social3f9b3f9b.png]
[exurbplan.github.io/Scrap-Archfiend/ccweb.imgix.net/https_/www.classcentral.com/images/collections/collection-earn-a-masters-degree-sociald381d381.png]
[exurbplan.github.io/Scrap-Archfiend/www.classcentral.com/report/list-of-mooc-based-microcredentials/index.html]
[exurbplan.github.io/Scrap-Archfiend/ccweb.imgix.net/https_/www.classcentral.com/images/collections/collection-microcredentials-socialc08fc08f.png]
[exurbplan.github.io/Scrap-Archfiend/ccweb.imgix.net/https_/www.classcentral.com/images/collections/collection-microcredentials-social5dfd5dfd.png]
[exurbplan.github.io/Scrap-Archfiend/ccweb.imgix.net/https_/www.classcentral.com/images/collections/collection-ivy-league-moocs-social9f0a9f0a.jpg]
[exurbplan.github.io/Scrap-Archfiend/ccweb.imgix.net/https_/www.classcentral.com/images/collections/collection-ivy-league-moocs-sociale573e573.jpg]
[exurbplan.github.io/Scrap-Archfiend/ccweb.imgix.net/https_/www.classcentral.com/images/collections/collection-most-popular-all-time-social611f611f.png]
[exurbplan.github.io/Scrap-Archfiend/ccweb.imgix.net/https_/www.classcentral.com/images/collections/collection-most-popular-all-time-social1b821b82.png]
[exurbplan.github.io/Scrap-Archfiend/www.classcentral.com/provider/udacity.html]
[exurbplan.github.io/Scrap-Archfiend/www.classcentral.com/university/gatech.html]
[exurbplan.github.io/Scrap-Archfiend/www.classcentral.com/institution/linuxfoundation.html]
[exurbplan.github.io/Scrap-Archfiend/www.classcentral.com/institution/salesforce.html]
[exurbplan.github.io/Scrap-Archfiend/www.classcentral.com/report/most-popular-courses-2023/index.html]
[exurbplan.github.io/Scrap-Archfiend/www.classcentral.com/report/coursera-top-courses/index.html]
[exurbplan.github.io/Scrap-Archfiend/www.classcentral.com/report/edx-top-courses/index.html]
[exurbplan.github.io/Scrap-Archfiend/www.classcentral.com/report/class-central-ddos-attack/index.html]
[exurbplan.github.io/Scrap-Archfiend/www.classcentral.com/report/cs50-free-certificate/index.html]
[exurbplan.github.io/Scrap-Archfiend/www.classcentral.com/report/open-university-insiders-perspective/index.html]
[exurbplan.github.io/Scrap-Archfiend/www.classcentral.com/report/google-free-certificates/index.html]
[exurbplan.github.io/Scrap-Archfiend/www.classcentral.com/report/linkedin-learning-free-learning-paths/index.html]
[exurbplan.github.io/Scrap-Archfiend/www.classcentral.com/collection/ivy-league-moocs/index.html]
[exurbplan.github.io/Scrap-Archfiend/www.classcentral.com/report/writing-free-online-courses/index.html]
[exurbplan.github.io/Scrap-Archfiend/www.classcentral.com/about.html]
[exurbplan.github.io/Scrap-Archfiend/www.facebook.com/classcentral.html]
[exurbplan.github.io/Scrap-Archfiend/www.youtube.com/classcentral.html]
[exurbplan.github.io/Scrap-Archfiend/www.classcentral.com/about/privacy-policy.html]
[exurbplan.github.io/Scrap-Archfiend/www.classcentral.com/about/careers.html]
[exurbplan.github.io/Scrap-Archfiend/www.classcentral.com/help.html]
[exurbplan.github.io/Scrap-Archfiend/www.classcentral.com/contact.html]
[exurbplan.github.io/Scrap-Archfiend/www.classcentral.com/update-item/index.html]
[exurbplan.github.io/Scrap-Archfiend/www.classcentral.com/delete-item/index.html]
[exurbplan.github.io/Scrap-Archfiend/www.classcentral.com/move-item/index.html]
[exurbplan.github.io/Scrap-Archfiend/www.classcentral.com/maestro/course-reviews/index.html]
[exurbplan.github.io/Scrap-Archfiend/www.classcentral.com/s/index.html]
[exurbplan.github.io/Scrap-Archfiend/www.classcentral.com/coordinator/index.html]
[exurbplan.github.io/Scrap-Archfiend/www.classcentral.com/enrollee-list/update-item-progress/index.html]
[exurbplan.github.io/Scrap-Archfiend/www.w3.org/1998/Math/MathML/index.html]
[exurbplan.github.io/Scrap-Archfiend/www.w3.org/1999/xhtml/index.html]
[exurbplan.github.io/Scrap-Archfiend/m.facebook.com/loginc51de0e7.html]
[exurbplan.github.io/Scrap-Archfiend/twitter.com/intent/tweet659c659c.html]
[exurbplan.github.io/Scrap-Archfiend/www.classcentral.com/cdn-cgi/l/email-protection.html]
[exurbplan.github.io/Scrap-Archfiend/www.classcentral.com/cdn-cgi/scripts/5c5dd728/cloudflare-static/email-decode.min.js]
[exurbplan.github.io/Scrap-Archfiend/www.classcentral.com/webpack/analytics.2edefc668ab4db842c41.js]
[exurbplan.github.io/Scrap-Archfiend/static.getclicky.com/js]
[exurbplan.github.io/Scrap-Archfiend/in.getclicky.com/100717250ns.gif]
[exurbplan.github.io/Scrap-Archfiend/www.classcentral.com/index.html]
[exurbplan.github.io/Scrap-Archfiend/schema.org/WebSite.html]
[exurbplan.github.io/Scrap-Archfiend/twitter.com/classcentral.html]
[exurbplan.github.io/Scrap-Archfiend/www.linkedin.com/company/classcentral.html]
[exurbplan.github.io/Scrap-Archfiend/github.com/classcentral.html]
[exurbplan.github.io/Scrap-Archfiend/www.classcentral.com/safari-pinned-tab.svg]
[exurbplan.github.io/Scrap-Archfiend/www.w3.org/2000/svg.html]
[exurbplan.github.io/Scrap-Archfiend/www.classcentral.com/rankings.html]
[exurbplan.github.io/Scrap-Archfiend/www.classcentral.com/collections.html]
[exurbplan.github.io/Scrap-Archfiend/www.classcentral.com/subjects.html]
[exurbplan.github.io/Scrap-Archfiend/www.classcentral.com/subject/cs.html]
[exurbplan.github.io/Scrap-Archfiend/www.classcentral.com/subject/health.html]
[exurbplan.github.io/Scrap-Archfiend/www.classcentral.com/subject/maths.html]
[exurbplan.github.io/Scrap-Archfiend/www.classcentral.com/subject/business.html]
[exurbplan.github.io/Scrap-Archfiend/www.classcentral.com/subject/humanities.html]
[exurbplan.github.io/Scrap-Archfiend/www.classcentral.com/subject/engineering.html]
[exurbplan.github.io/Scrap-Archfiend/www.classcentral.com/subject/science.html]
[exurbplan.github.io/Scrap-Archfiend/www.classcentral.com/subject/education.html]
[exurbplan.github.io/Scrap-Archfiend/www.classcentral.com/subject/social-sciences.html]
[exurbplan.github.io/Scrap-Archfiend/www.classcentral.com/subject/art-and-design.html]
[exurbplan.github.io/Scrap-Archfiend/www.classcentral.com/subject/data-science.html]
[exurbplan.github.io/Scrap-Archfiend/www.classcentral.com/subject/programming-and-software-development.html]
[exurbplan.github.io/Scrap-Archfiend/www.classcentral.com/subject/personal-development.html]
[exurbplan.github.io/Scrap-Archfiend/www.classcentral.com/subject/infosec.html]
[exurbplan.github.io/Scrap-Archfiend/www.classcentral.com/universities.html]
[exurbplan.github.io/Scrap-Archfiend/www.classcentral.com/report/index.html]
[exurbplan.github.io/Scrap-Archfiend/www.classcentral.com/collection/top-free-online-courses.html]
[exurbplan.github.io/Scrap-Archfiend/www.classcentral.com/report/most-popular-online-courses/index.html]
[exurbplan.github.io/Scrap-Archfiend/www.classcentral.com/report/best-free-online-courses-2022/index.html]
[exurbplan.github.io/Scrap-Archfiend/www.classcentral.com/report/best-free-online-courses-2021/index.html]
[exurbplan.github.io/Scrap-Archfiend/www.classcentral.com/report/most-popular-courses-2022/index.html]
[exurbplan.github.io/Scrap-Archfiend/www.classcentral.com/report/100-most-popular-online-courses-2021/index.html]
[exurbplan.github.io/Scrap-Archfiend/www.classcentral.com/collection/ivy-league-moocs.html]
[exurbplan.github.io/Scrap-Archfiend/www.classcentral.com/report/coursera-free-online-courses/index.html]
[exurbplan.github.io/Scrap-Archfiend/www.classcentral.com/report/free-certificates/index.html]
[exurbplan.github.io/Scrap-Archfiend/www.classcentral.com/report/free-google-certifications/index.html]
[exurbplan.github.io/Scrap-Archfiend/www.classcentral.com/starting-this-month.html]
[exurbplan.github.io/Scrap-Archfiend/www.classcentral.com/new-online-courses/february-2023.html]
[exurbplan.github.io/Scrap-Archfiend/www.classcentral.com/report/most-popular-march-2023/index.html]
[exurbplan.github.io/Scrap-Archfiend/www.classcentral.com/subject/ai.html]
[exurbplan.github.io/Scrap-Archfiend/www.classcentral.com/subject/algorithms-and-data-structures.html]
[exurbplan.github.io/Scrap-Archfiend/www.classcentral.com/subject/internet-of-things.html]
[exurbplan.github.io/Scrap-Archfiend/www.classcentral.com/subject/information-technology.html]
[exurbplan.github.io/Scrap-Archfiend/www.classcentral.com/subject/computer-networking.html]
[exurbplan.github.io/Scrap-Archfiend/www.classcentral.com/subject/machine-learning.html]
[exurbplan.github.io/Scrap-Archfiend/www.classcentral.com/subject/devops.html]
[exurbplan.github.io/Scrap-Archfiend/www.classcentral.com/subject/deep-learning.html]
[exurbplan.github.io/Scrap-Archfiend/www.classcentral.com/subject/cryptography.html]
[exurbplan.github.io/Scrap-Archfiend/www.classcentral.com/subject/quantum-computing.html]
[exurbplan.github.io/Scrap-Archfiend/www.classcentral.com/subject/hci.html]
[exurbplan.github.io/Scrap-Archfiend/www.classcentral.com/subject/distributed-systems.html]
[exurbplan.github.io/Scrap-Archfiend/www.classcentral.com/subject/blockchain.html]
[exurbplan.github.io/Scrap-Archfiend/www.classcentral.com/subject/operating-systems.html]
[exurbplan.github.io/Scrap-Archfiend/www.classcentral.com/subject/computer-graphics.html]
[exurbplan.github.io/Scrap-Archfiend/www.classcentral.com/subject/nutrition-and-wellness.html]
[exurbplan.github.io/Scrap-Archfiend/www.classcentral.com/subject/disease-and-disorders.html]
[exurbplan.github.io/Scrap-Archfiend/www.classcentral.com/subject/public-health.html]
[exurbplan.github.io/Scrap-Archfiend/www.classcentral.com/subject/health-care.html]
[exurbplan.github.io/Scrap-Archfiend/www.classcentral.com/subject/nursing.html]
[exurbplan.github.io/Scrap-Archfiend/www.classcentral.com/subject/anatomy.html]
[exurbplan.github.io/Scrap-Archfiend/www.classcentral.com/subject/veterinary-science.html]
[exurbplan.github.io/Scrap-Archfiend/www.classcentral.com/subject/cme.html]
[exurbplan.github.io/Scrap-Archfiend/www.classcentral.com/subject/statistics.html]
[exurbplan.github.io/Scrap-Archfiend/www.classcentral.com/subject/foundations-of-mathematics.html]
[exurbplan.github.io/Scrap-Archfiend/www.classcentral.com/subject/calculus.html]
[exurbplan.github.io/Scrap-Archfiend/www.classcentral.com/subject/discrete-mathematics.html]
[exurbplan.github.io/Scrap-Archfiend/www.classcentral.com/subject/trigonometry.html]
[exurbplan.github.io/Scrap-Archfiend/www.classcentral.com/subject/geometry.html]
[exurbplan.github.io/Scrap-Archfiend/www.classcentral.com/subject/algebra.html]
[exurbplan.github.io/Scrap-Archfiend/www.classcentral.com/subject/precalculus.html]
[exurbplan.github.io/Scrap-Archfiend/www.classcentral.com/subject/number-theory.html]
[exurbplan.github.io/Scrap-Archfiend/www.classcentral.com/subject/combinatorics.html]
[exurbplan.github.io/Scrap-Archfiend/www.classcentral.com/subject/mathematical-logic.html]
[exurbplan.github.io/Scrap-Archfiend/www.classcentral.com/subject/linear-programming.html]
[exurbplan.github.io/Scrap-Archfiend/www.classcentral.com/subject/management-and-leadership.html]
[exurbplan.github.io/Scrap-Archfiend/www.classcentral.com/subject/finance.html]
[exurbplan.github.io/Scrap-Archfiend/www.classcentral.com/subject/entrepreneurship.html]
[exurbplan.github.io/Scrap-Archfiend/www.classcentral.com/subject/marketing.html]
[exurbplan.github.io/Scrap-Archfiend/www.classcentral.com/subject/strategic-management.html]
[exurbplan.github.io/Scrap-Archfiend/www.classcentral.com/subject/industry-specific.html]
[exurbplan.github.io/Scrap-Archfiend/www.classcentral.com/subject/business-intelligence.html]
[exurbplan.github.io/Scrap-Archfiend/www.classcentral.com/subject/accounting.html]
[exurbplan.github.io/Scrap-Archfiend/www.classcentral.com/subject/human-resources.html]
[exurbplan.github.io/Scrap-Archfiend/www.classcentral.com/subject/project-management.html]
[exurbplan.github.io/Scrap-Archfiend/www.classcentral.com/subject/sales.html]
[exurbplan.github.io/Scrap-Archfiend/www.classcentral.com/subject/design-thinking.html]
[exurbplan.github.io/Scrap-Archfiend/www.classcentral.com/subject/business-software.html]
[exurbplan.github.io/Scrap-Archfiend/www.classcentral.com/subject/risk-management.html]
[exurbplan.github.io/Scrap-Archfiend/www.classcentral.com/subject/csr.html]
[exurbplan.github.io/Scrap-Archfiend/www.classcentral.com/subject/customer-service.html]
[exurbplan.github.io/Scrap-Archfiend/www.classcentral.com/subject/nonprofit.html]
[exurbplan.github.io/Scrap-Archfiend/www.classcentral.com/subject/innovation.html]
[exurbplan.github.io/Scrap-Archfiend/www.classcentral.com/subject/operations-management.html]
[exurbplan.github.io/Scrap-Archfiend/www.classcentral.com/subject/history.html]
[exurbplan.github.io/Scrap-Archfiend/www.classcentral.com/subject/literature.html]
[exurbplan.github.io/Scrap-Archfiend/www.classcentral.com/subject/language-learning.html]
[exurbplan.github.io/Scrap-Archfiend/www.classcentral.com/subject/grammar-writing.html]
[exurbplan.github.io/Scrap-Archfiend/www.classcentral.com/subject/philosophy.html]
[exurbplan.github.io/Scrap-Archfiend/www.classcentral.com/subject/religion.html]
[exurbplan.github.io/Scrap-Archfiend/www.classcentral.com/subject/esl.html]
[exurbplan.github.io/Scrap-Archfiend/www.classcentral.com/subject/culture.html]
[exurbplan.github.io/Scrap-Archfiend/www.classcentral.com/subject/sports.html]
[exurbplan.github.io/Scrap-Archfiend/www.classcentral.com/subject/journalism.html]
[exurbplan.github.io/Scrap-Archfiend/www.classcentral.com/subject/ethics.html]
[exurbplan.github.io/Scrap-Archfiend/www.classcentral.com/subject/linguistics.html]
[exurbplan.github.io/Scrap-Archfiend/www.classcentral.com/subject/food.html]
[exurbplan.github.io/Scrap-Archfiend/www.classcentral.com/subject/library-science.html]
[exurbplan.github.io/Scrap-Archfiend/www.classcentral.com/subject/reading.html]
[exurbplan.github.io/Scrap-Archfiend/www.classcentral.com/subject/crisis-management.html]
[exurbplan.github.io/Scrap-Archfiend/www.classcentral.com/subject/electrical-engineering.html]
[exurbplan.github.io/Scrap-Archfiend/www.classcentral.com/subject/mechanical-engineering.html]
[exurbplan.github.io/Scrap-Archfiend/www.classcentral.com/subject/civil-engineering.html]
[exurbplan.github.io/Scrap-Archfiend/www.classcentral.com/subject/robotics.html]
[exurbplan.github.io/Scrap-Archfiend/www.classcentral.com/subject/nanotechnology.html]
[exurbplan.github.io/Scrap-Archfiend/www.classcentral.com/subject/gis.html]
[exurbplan.github.io/Scrap-Archfiend/www.classcentral.com/subject/textiles.html]
[exurbplan.github.io/Scrap-Archfiend/www.classcentral.com/subject/manufacturing.html]
[exurbplan.github.io/Scrap-Archfiend/www.classcentral.com/subject/bim.html]
[exurbplan.github.io/Scrap-Archfiend/www.classcentral.com/subject/cad.html]
[exurbplan.github.io/Scrap-Archfiend/www.classcentral.com/subject/chemical-engineering.html]
[exurbplan.github.io/Scrap-Archfiend/www.classcentral.com/subject/energy-systems.html]
[exurbplan.github.io/Scrap-Archfiend/www.classcentral.com/subject/aerospace-engineering.html]
[exurbplan.github.io/Scrap-Archfiend/www.classcentral.com/subject/chemistry.html]
[exurbplan.github.io/Scrap-Archfiend/www.classcentral.com/subject/physics.html]
[exurbplan.github.io/Scrap-Archfiend/www.classcentral.com/subject/environmental-science.html]
[exurbplan.github.io/Scrap-Archfiend/www.classcentral.com/subject/astronomy.html]
[exurbplan.github.io/Scrap-Archfiend/www.classcentral.com/subject/biology.html]
[exurbplan.github.io/Scrap-Archfiend/www.classcentral.com/subject/agriculture.html]
[exurbplan.github.io/Scrap-Archfiend/www.classcentral.com/subject/materials-science.html]
[exurbplan.github.io/Scrap-Archfiend/www.classcentral.com/subject/earth-science.html]
[exurbplan.github.io/Scrap-Archfiend/www.classcentral.com/subject/applied-science.html]
[exurbplan.github.io/Scrap-Archfiend/www.classcentral.com/subject/forensic-science.html]
[exurbplan.github.io/Scrap-Archfiend/www.classcentral.com/subject/k12.html]
[exurbplan.github.io/Scrap-Archfiend/www.classcentral.com/subject/higher-education.html]
[exurbplan.github.io/Scrap-Archfiend/www.classcentral.com/subject/stem.html]
[exurbplan.github.io/Scrap-Archfiend/www.classcentral.com/subject/teacher-development.html]
[exurbplan.github.io/Scrap-Archfiend/www.classcentral.com/subject/course-development.html]
[exurbplan.github.io/Scrap-Archfiend/www.classcentral.com/subject/online-education.html]
[exurbplan.github.io/Scrap-Archfiend/www.classcentral.com/subject/test-prep.html]
[exurbplan.github.io/Scrap-Archfiend/www.classcentral.com/subject/pedagogy.html]
[exurbplan.github.io/Scrap-Archfiend/www.classcentral.com/subject/sociology.html]
[exurbplan.github.io/Scrap-Archfiend/www.classcentral.com/subject/economics.html]
[exurbplan.github.io/Scrap-Archfiend/www.classcentral.com/subject/psychology.html]
[exurbplan.github.io/Scrap-Archfiend/www.classcentral.com/subject/anthropology.html]
[exurbplan.github.io/Scrap-Archfiend/www.classcentral.com/subject/political-science.html]
[exurbplan.github.io/Scrap-Archfiend/www.classcentral.com/subject/law.html]
[exurbplan.github.io/Scrap-Archfiend/www.classcentral.com/subject/urban-planning.html]
[exurbplan.github.io/Scrap-Archfiend/www.classcentral.com/subject/human-rights.html]
[exurbplan.github.io/Scrap-Archfiend/www.classcentral.com/subject/sustainability.html]
[exurbplan.github.io/Scrap-Archfiend/www.classcentral.com/subject/governance.html]
[exurbplan.github.io/Scrap-Archfiend/www.classcentral.com/subject/archaeology.html]
[exurbplan.github.io/Scrap-Archfiend/www.classcentral.com/subject/social-work.html]
[exurbplan.github.io/Scrap-Archfiend/www.classcentral.com/subject/childhood-development.html]
[exurbplan.github.io/Scrap-Archfiend/www.classcentral.com/subject/music.html]
[exurbplan.github.io/Scrap-Archfiend/www.classcentral.com/subject/digital-media.html]
[exurbplan.github.io/Scrap-Archfiend/www.classcentral.com/subject/visual-arts.html]
[exurbplan.github.io/Scrap-Archfiend/www.classcentral.com/subject/design-and-creativity.html]
[exurbplan.github.io/Scrap-Archfiend/www.classcentral.com/subject/bioinformatics.html]
[exurbplan.github.io/Scrap-Archfiend/www.classcentral.com/subject/big-data.html]
[exurbplan.github.io/Scrap-Archfiend/www.classcentral.com/subject/data-mining.html]
[exurbplan.github.io/Scrap-Archfiend/www.classcentral.com/subject/data-analysis.html]
[exurbplan.github.io/Scrap-Archfiend/www.classcentral.com/subject/data-visualization.html]
[exurbplan.github.io/Scrap-Archfiend/www.classcentral.com/subject/jupyter.html]
[exurbplan.github.io/Scrap-Archfiend/www.classcentral.com/subject/mobile-development.html]
[exurbplan.github.io/Scrap-Archfiend/www.classcentral.com/subject/web-development.html]
[exurbplan.github.io/Scrap-Archfiend/www.classcentral.com/subject/databases.html]
[exurbplan.github.io/Scrap-Archfiend/www.classcentral.com/subject/game-development.html]
[exurbplan.github.io/Scrap-Archfiend/www.classcentral.com/subject/programming-languages.html]
[exurbplan.github.io/Scrap-Archfiend/www.classcentral.com/subject/software-development.html]
[exurbplan.github.io/Scrap-Archfiend/www.classcentral.com/subject/cloud-computing.html]
[exurbplan.github.io/Scrap-Archfiend/www.classcentral.com/subject/communication-skills.html]
[exurbplan.github.io/Scrap-Archfiend/www.classcentral.com/subject/career-development.html]
[exurbplan.github.io/Scrap-Archfiend/www.classcentral.com/subject/self-improvement.html]
[exurbplan.github.io/Scrap-Archfiend/www.classcentral.com/subject/presentation-skills.html]
[exurbplan.github.io/Scrap-Archfiend/www.classcentral.com/subject/resilience.html]
[exurbplan.github.io/Scrap-Archfiend/www.classcentral.com/subject/cybersecurity.html]
[exurbplan.github.io/Scrap-Archfiend/www.classcentral.com/subject/network-security.html]
[exurbplan.github.io/Scrap-Archfiend/www.classcentral.com/subject/ethical-hacking.html]
[exurbplan.github.io/Scrap-Archfiend/www.classcentral.com/subject/digital-forensics.html]
[exurbplan.github.io/Scrap-Archfiend/www.classcentral.com/subject/reverse-engineering.html]
[exurbplan.github.io/Scrap-Archfiend/www.classcentral.com/subject/pentesting.html]
[exurbplan.github.io/Scrap-Archfiend/www.classcentral.com/subject/malware-analysis.html]
[exurbplan.github.io/Scrap-Archfiend/www.classcentral.com/subject/devsecops.html]
[exurbplan.github.io/Scrap-Archfiend/www.classcentral.com/subject/osint.html]
[exurbplan.github.io/Scrap-Archfiend/www.classcentral.com/subject/threat-intelligence.html]
[exurbplan.github.io/Scrap-Archfiend/www.classcentral.com/subject/infosec-certifications.html]
[exurbplan.github.io/Scrap-Archfiend/www.classcentral.com/subject/red-team.html]
[exurbplan.github.io/Scrap-Archfiend/www.classcentral.com/subject/blue-team.html]
[exurbplan.github.io/Scrap-Archfiend/www.classcentral.com/report/2022-year-in-review/index.html]
[exurbplan.github.io/Scrap-Archfiend/www.classcentral.com/report/author/dhawal/index.html]
[exurbplan.github.io/Scrap-Archfiend/www.classcentral.com/report/review-academic-writing-made-easy/index.html]
[exurbplan.github.io/Scrap-Archfiend/www.classcentral.com/report/review-china-economic-transformation/index.html]
[exurbplan.github.io/Scrap-Archfiend/www.classcentral.com/report/most-cited-mooc-research/index.html]
[exurbplan.github.io/Scrap-Archfiend/www.classcentral.com/report/best-digital-art-courses/index.html]
[exurbplan.github.io/Scrap-Archfiend/www.classcentral.com/report/emoocs-2023-cfp/index.html]
[exurbplan.github.io/Scrap-Archfiend/www.classcentral.com/lists.html]
[exurbplan.github.io/Scrap-Archfiend/www.classcentral.com/signup.html]
[exurbplan.github.io/Scrap-Archfiend/www.classcentral.com/login.html]
[exurbplan.github.io/Scrap-Archfiend/www.classcentral.com/subject/it-certifications.html]
[exurbplan.github.io/Scrap-Archfiend/www.classcentral.com/course/edx-herramientas-de-la-inteligencia-de-negocios-10281.html]
[exurbplan.github.io/Scrap-Archfiend/www.classcentral.com/course/whartonmarketing-1137.html]
[exurbplan.github.io/Scrap-Archfiend/www.classcentral.com/course/whartonaccounting-769.html]
[exurbplan.github.io/Scrap-Archfiend/www.classcentral.com/help/moocs.html]
[exurbplan.github.io/Scrap-Archfiend/www.classcentral.com/university/stanford.html]
[exurbplan.github.io/Scrap-Archfiend/www.classcentral.com/collection/sustainability-online-courses.html]
[exurbplan.github.io/Scrap-Archfiend/www.classcentral.com/university/mit.html]
[exurbplan.github.io/Scrap-Archfiend/www.classcentral.com/institution/google.html]
[exurbplan.github.io/Scrap-Archfiend/www.classcentral.com/institution/amazon.html]
[exurbplan.github.io/Scrap-Archfiend/www.classcentral.com/report/category/best-courses/index.html]
[exurbplan.github.io/Scrap-Archfiend/www.classcentral.com/report/online-learning-deals/index.html]
[exurbplan.github.io/Scrap-Archfiend/ccweb.imgix.net/https_/www.classcentral.com/images/promobar/deale4cae4ca.svg]
[exurbplan.github.io/Scrap-Archfiend/www.classcentral.com/university/harvard.html]
[exurbplan.github.io/Scrap-Archfiend/www.classcentral.com/university/iit-kharagpur.html]
[exurbplan.github.io/Scrap-Archfiend/www.classcentral.com/university/rice.html]
[exurbplan.github.io/Scrap-Archfiend/www.classcentral.com/university/iitm.html]
[exurbplan.github.io/Scrap-Archfiend/www.classcentral.com/university/columbia.html]
[exurbplan.github.io/Scrap-Archfiend/www.classcentral.com/university/cornell.html]
[exurbplan.github.io/Scrap-Archfiend/www.classcentral.com/university/edinburgh.html]
[exurbplan.github.io/Scrap-Archfiend/www.classcentral.com/university/purdue.html]
[exurbplan.github.io/Scrap-Archfiend/www.classcentral.com/university/penn.html]
[exurbplan.github.io/Scrap-Archfiend/www.classcentral.com/university/duke.html]
[exurbplan.github.io/Scrap-Archfiend/www.classcentral.com/university/umich.html]
[exurbplan.github.io/Scrap-Archfiend/www.classcentral.com/provider/coursera.html]
[exurbplan.github.io/Scrap-Archfiend/www.classcentral.com/provider/edx.html]
[exurbplan.github.io/Scrap-Archfiend/www.classcentral.com/provider/futurelearn.html]
[exurbplan.github.io/Scrap-Archfiend/www.classcentral.com/provider/udemy.html]
[exurbplan.github.io/Scrap-Archfiend/www.classcentral.com/provider/swayam.html]
[exurbplan.github.io/Scrap-Archfiend/www.classcentral.com/provider/linkedin-learning.html]
[exurbplan.github.io/Scrap-Archfiend/www.classcentral.com/provider/skillshare.html]
[exurbplan.github.io/Scrap-Archfiend/www.classcentral.com/providers.html]
[exurbplan.github.io/Scrap-Archfiend/www.classcentral.com/institution/microsoft.html]
[exurbplan.github.io/Scrap-Archfiend/www.classcentral.com/institution/ibm.html]
[exurbplan.github.io/Scrap-Archfiend/www.classcentral.com/institution/smithsonian.html]
[exurbplan.github.io/Scrap-Archfiend/www.classcentral.com/institution/united-nations.html]
[exurbplan.github.io/Scrap-Archfiend/www.classcentral.com/institution/british-council.html]
[exurbplan.github.io/Scrap-Archfiend/www.classcentral.com/institutions.html]
[exurbplan.github.io/Scrap-Archfiend/www.classcentral.com/report/feed/index.html]
[exurbplan.github.io/Scrap-Archfiend/www.classcentral.com/report/author/heba/index.html]
[exurbplan.github.io/Scrap-Archfiend/www.classcentral.com/report/author/manoel/index.html]
[exurbplan.github.io/Scrap-Archfiend/www.classcentral.com/report/coursera-google-new-deal/index.html]
[exurbplan.github.io/Scrap-Archfiend/www.classcentral.com/report/udemy-layoffs/index.html]
[exurbplan.github.io/Scrap-Archfiend/www.classcentral.com/report/harvard-cs50-guide/index.html]
[exurbplan.github.io/Scrap-Archfiend/www.classcentral.com/report/chinese-mooc-platforms/index.html]
[exurbplan.github.io/Scrap-Archfiend/www.classcentral.com/report/author/ruima/index.html]
[exurbplan.github.io/Scrap-Archfiend/www.classcentral.com/report/futurelearn-expands-paywall/index.html]
[exurbplan.github.io/Scrap-Archfiend/www.classcentral.com/report/author/pat-bowden/index.html]
[exurbplan.github.io/Scrap-Archfiend/www.classcentral.com/report/udemy-by-the-numbers/index.html]
[exurbplan.github.io/Scrap-Archfiend/www.classcentral.com/report/best-elm-courses/index.html]
[exurbplan.github.io/Scrap-Archfiend/www.classcentral.com/report/best-resume-writing-courses/index.html]
[exurbplan.github.io/Scrap-Archfiend/www.classcentral.com/report/best-ocaml-courses/index.html]
[exurbplan.github.io/Scrap-Archfiend/www.classcentral.com/report/best-davinci-resolve-courses/index.html]
[exurbplan.github.io/Scrap-Archfiend/www.classcentral.com/report/udemy-top-courses/index.html]
[exurbplan.github.io/Scrap-Archfiend/www.classcentral.com/report/india-online-degrees/index.html]
[exurbplan.github.io/Scrap-Archfiend/www.classcentral.com/report/mooc-based-masters-degree/index.html]
[exurbplan.github.io/Scrap-Archfiend/www.classcentral.com/report/list-of-mooc-based-microcredentials/index.html]
[exurbplan.github.io/Scrap-Archfiend/www.classcentral.com/provider/udacity.html]
[exurbplan.github.io/Scrap-Archfiend/www.classcentral.com/university/gatech.html]
[exurbplan.github.io/Scrap-Archfiend/www.classcentral.com/institution/linuxfoundation.html]
[exurbplan.github.io/Scrap-Archfiend/www.classcentral.com/institution/salesforce.html]
[exurbplan.github.io/Scrap-Archfiend/www.classcentral.com/report/most-popular-courses-2023/index.html]
[exurbplan.github.io/Scrap-Archfiend/www.classcentral.com/report/coursera-top-courses/index.html]
[exurbplan.github.io/Scrap-Archfiend/www.classcentral.com/report/edx-top-courses/index.html]
[exurbplan.github.io/Scrap-Archfiend/www.classcentral.com/report/class-central-ddos-attack/index.html]
[exurbplan.github.io/Scrap-Archfiend/www.classcentral.com/report/cs50-free-certificate/index.html]
[exurbplan.github.io/Scrap-Archfiend/www.classcentral.com/report/open-university-insiders-perspective/index.html]
[exurbplan.github.io/Scrap-Archfiend/www.classcentral.com/report/google-free-certificates/index.html]
[exurbplan.github.io/Scrap-Archfiend/www.classcentral.com/report/linkedin-learning-free-learning-paths/index.html]
[exurbplan.github.io/Scrap-Archfiend/www.classcentral.com/collection/ivy-league-moocs/index.html]
[exurbplan.github.io/Scrap-Archfiend/www.classcentral.com/report/writing-free-online-courses/index.html]
[exurbplan.github.io/Scrap-Archfiend/www.classcentral.com/about.html]
[exurbplan.github.io/Scrap-Archfiend/www.facebook.com/classcentral.html]
[exurbplan.github.io/Scrap-Archfiend/www.youtube.com/classcentral.html]
[exurbplan.github.io/Scrap-Archfiend/www.classcentral.com/about/privacy-policy.html]
[exurbplan.github.io/Scrap-Archfiend/www.classcentral.com/about/careers.html]
[exurbplan.github.io/Scrap-Archfiend/www.classcentral.com/help.html]
[exurbplan.github.io/Scrap-Archfiend/www.classcentral.com/contact.html]
[exurbplan.github.io/Scrap-Archfiend/us-central1-class-central-prod.cloudfunctions.net/extract.html]
[exurbplan.github.io/Scrap-Archfiend/www.classcentral.com/update-item/index.html]
[exurbplan.github.io/Scrap-Archfiend/www.classcentral.com/delete-item/index.html]
[exurbplan.github.io/Scrap-Archfiend/www.classcentral.com/move-item/index.html]
[exurbplan.github.io/Scrap-Archfiend/www.classcentral.com/maestro/course-reviews/index.html]
[exurbplan.github.io/Scrap-Archfiend/www.classcentral.com/coordinator/index.html]
[exurbplan.github.io/Scrap-Archfiend/www.classcentral.com/s/index.html]
[exurbplan.github.io/Scrap-Archfiend/www.classcentral.com/enrollee-list/update-item-progress/index.html]
[exurbplan.github.io/Scrap-Archfiend/www.w3.org/1998/Math/MathML/index.html]
[exurbplan.github.io/Scrap-Archfiend/www.w3.org/1999/xhtml/index.html]
[exurbplan.github.io/Scrap-Archfiend/m.facebook.com/loginc51de0e7.html]
[exurbplan.github.io/Scrap-Archfiend/twitter.com/intent/tweet659c659c.html]
[exurbplan.github.io/Scrap-Archfiend/www.classcentral.com/cdn-cgi/l/email-protection.html]
